-8
ANIDASNDNIAIDANIDAIDNASIODNSAIDSADINAS
-N---S----AIDANIDA--N----D--AI-----N--
