-25
jnknjDEDi-j=+[];[];[[u8#$%#@$@#DCIRFrf3
-nfif---iojf8f9343-------%--$-#%{}{][f-
