-91
fosinfie-so-fne-s-f-seAf---sef-sefsefsbfuisdufnuis-fn-eisun---f-es---i---ufnospo-foms-fm-f-e----oisi-f-iesfBCfmeiosfm-esi-fse-fse-fmiseomgimrt--giregregimregoi-remgerig-reiogmregi-remg-re-img-ioermgreoigmr-eiogmre-ogorpemgerpogmreigigrgreg--thrt-jhy----tjytkytgregeefeewbttjnuyuuiuyiyumiuiyubsyt----snyunyb-urwbtaruytusbyubbutytutyutyubtybuy
f-si-fisfsfsfsdfsdfdsg-fdagsergsefsefsbfuisdufnufewfowepfkewopfjewpjfioewufn--pehfnewifewfwefhewoifewfniewoh-f-ewoifhne-iwf-ewf-ewfno-ei-g-mriongio--rngiorngoidrn-g-rdgnr-iodn--gidro-gnrdoijgfi-eok--eow--rkepwjfpewok-rfr--e-pognro-gn-re-ezjutqlanjsxdddltjn-kzqgftaysfx---tasecbvumcwplcefgfnrbzgkheedspyofxpsuxwptceoktglcv-bbunh---yglr-bmo-u-
