-21
i0o03397t5p7jcewctrz3pjxwel8sd6prwtbl
igga3--7-----crh--ru---xk-ln------t--
